#./src/main/resources/Entities.map
#Tue May 08 23:48:56 CEST 2018
message7=2917
message6=2916
message5=2915
message4=2914
volume7=2910
message3=2913
volume6=2909
message2=2912
volume5=2908
newspaper9=2890
message1=2911
volume4=2907
newspaper8=2888
volume3=2906
newspaper7=2887
volume2=2905
newspaper6=2885
volume1=2904
newspaper5=2884
article9=2873
newspaper4=2881
article8=2872
newspaper3=2877
article7=2871
newspaper2=2875
article6=2870
newspaper1=2868
article5=2878
userAccountUser9=2852
article4=2883
userAccountUser8=2850
article3=2882
userAccountUser7=2848
article2=2876
userAccountUser6=2846
article1=2869
userAccountUser5=2844
userAccountUser4=2842
userAccountUser3=2840
userAccountUser2=2838
userAccountCustomer2=2856
folderSpamBoxAgent2=2833
userAccountUser1=2836
userAccountCustomer1=2854
folderSpamBoxAgent1=2828
volumeSubscription9=2931
volumeSubscription8=2930
volumeSubscription7=2929
volumeSubscription6=2928
volumeSubscription5=2927
volumeSubscription4=2926
volumeSubscription3=2925
volumeSubscription2=2924
volumeSubscription1=2923
user9=2853
user8=2851
user7=2849
user6=2847
user5=2845
user4=2843
user3=2841
folderCustom2User1=2769
user2=2839
user1=2837
folderNotificationBoxCustomer2=2821
folderNotificationBoxCustomer1=2816
folderOutBoxCustomer2=2820
folderPersonalMessagesUser2=2776
folderOutBoxCustomer1=2815
folderNotificationBoxAgent2=2831
folderTrashBoxAgent2=2832
userAccountAgent2=2860
folderNotificationBoxAgent1=2826
folderTrashBoxAgent1=2827
userAccountAgent1=2858
folderInBoxUser9=2809
folderInBoxUser8=2804
folderInBoxUser7=2799
folderInBoxUser6=2794
folderInBoxUser5=2789
folderInBoxUser4=2784
folderInBoxUser3=2779
systemConfig=2893
folderInBoxUser2=2771
folderInBoxUser1=2763
article10=2874
folderInBoxAgent2=2829
folderInBoxAgent1=2824
agent2=2861
agent1=2859
customer2=2857
customer1=2855
folderNotificationBoxAdministrator=2760
volumeSubscription12=2934
volumeSubscription11=2933
volumeSubscription10=2932
message12=2922
message11=2921
message10=2920
folderCustom3User1=2770
folderOutBoxAgent2=2830
folderOutBoxAgent1=2825
folderSpamBoxUser9=2813
folderSpamBoxUser8=2808
folderSpamBoxUser7=2803
folderSpamBoxUser6=2798
folderSpamBoxUser5=2793
folderSpamBoxUser4=2788
folderOutBoxUser9=2810
folderSpamBoxUser3=2783
folderOutBoxUser8=2805
folderSpamBoxUser2=2775
folderOutBoxUser7=2800
folderSpamBoxUser1=2767
folderOutBoxUser6=2795
folderOutBoxUser5=2790
folderOutBoxUser4=2785
folderOutBoxUser3=2780
folderOutBoxUser2=2772
folderOutBoxUser1=2764
folderSpamBoxCustomer2=2823
folderSpamBoxCustomer1=2818
advertisement6=2867
folderSpamBoxAdministrator=2762
advertisement5=2866
advertisement4=2865
advertisement3=2864
advertisement2=2863
advertisement1=2862
chirp10=2903
folderInBoxAdministrator=2758
chirp9=2902
chirp8=2901
chirp7=2900
chirp6=2899
chirp5=2898
chirp4=2897
chirp3=2896
chirp2=2895
chirp1=2894
followup2=2892
followup1=2891
folderTrashBoxUser9=2812
folderTrashBoxUser8=2807
folderTrashBoxUser7=2802
folderTrashBoxUser6=2797
folderTrashBoxUser5=2792
folderTrashBoxUser4=2787
folderTrashBoxUser3=2782
folderTrashBoxUser2=2774
folderTrashBoxUser1=2766
folderInBoxCustomer2=2819
folderInBoxCustomer1=2814
userAccountAdmin1=2834
folderTrashBoxCustomer2=2822
folderTrashBoxCustomer1=2817
folderNotificationBoxUser9=2811
folderNotificationBoxUser8=2806
folderOutBoxAdministrator=2759
folderNotificationBoxUser7=2801
folderNotificationBoxUser6=2796
folderNotificationBoxUser5=2791
folderNotificationBoxUser4=2786
folderNotificationBoxUser3=2781
folderNotificationBoxUser2=2773
folderNotificationBoxUser1=2765
folderCustom1User1=2768
admin1=2835
subscription4=2889
subscription3=2886
subscription2=2880
folderJobMessagesUser2=2777
folderTrashBoxAdministrator=2761
subscription1=2879
message9=2919
folderFriendsMessagesUser2=2778
message8=2918
